A01       35.5000 -120.4800    0.0000    0.0000       0       0      15      15    0.0000    0.0333   1
A02       35.6000 -120.6000    0.0000    0.0000       0       0      15      15    0.0000    0.0859   1
A03       35.7000 -120.7200    0.0000    0.0000       0       0      15      15    0.0000    0.0321   1
A04       35.8000 -120.8400    0.0000    0.0000       0       0      15      15    0.0000    0.1807   1
A05       35.9000 -120.9600    0.0000    0.0000       0       0      15      15    0.0000    0.1019   1
A06       36.0000 -121.0800    0.0000    0.0000       0       0      15      15    0.0000    0.0921   1
A07       35.6000 -120.3400    0.0000    0.0000       0       0      15      15    0.0000    0.0064   1
A08       35.7000 -120.4600    0.0000    0.0000       0       0      15      15    0.0000    0.1648   1
A09       35.8000 -120.5800    0.0000    0.0000       0       0      15      15    0.0000    0.0116   1
A10       35.9000 -120.7000    0.0000    0.0000       0       0      15      15    0.0000    0.0992   1
A11       36.0000 -120.8200    0.0000    0.0000       0       0      15      15    0.0000    0.0457   1
A12       36.1000 -120.9400    0.0000    0.0000       0       0      15      15    0.0000    0.0553   1
A13       35.7000 -120.2000    0.0000    0.0000       0       0      15      15    0.0000    0.1281   1
A14       35.8000 -120.3200    0.0000    0.0000       0       0      15      15    0.0000    0.0292   1
A15       35.9000 -120.4400    0.0000    0.0000       0       0      15      15    0.0000    0.0825   1
A16       36.0000 -120.5600    0.0000    0.0000       0       0      15      15    0.0000    0.4035   1
A17       36.1000 -120.6800    0.0000    0.0000       0       0      15      15    0.0000    0.1796   1
A18       36.2000 -120.8000    0.0000    0.0000       0       0      15      15    0.0000    0.0104   1
A19       35.8000 -120.0800    0.0000    0.0000       0       0      15      15    0.0000    0.0488   1
A20       35.9000 -120.2000    0.0000    0.0000       0       0      15      15    0.0000    0.0408   1
A21       36.0000 -120.3200    0.0000    0.0000       0       0      15      15    0.0000    0.2125   1
A22       36.1000 -120.4400    0.0000    0.0000       0       0      15      15    0.0000    0.0501   1
A23       36.2000 -120.5600    0.0000    0.0000       0       0      15      15    0.0000    0.0152   1
A24       36.3000 -120.6800    0.0000    0.0000       0       0      15      15    0.0000    0.1213   1
A25       35.9000 -119.9600    0.0000    0.0000       0       0      15      15    0.0000    0.0056   1
A26       36.0000 -120.0800    0.0000    0.0000       0       0      15      15    0.0000    0.0347   1
A27       36.1000 -120.2000    0.0000    0.0000       0       0      15      15    0.0000    0.0111   1
A28       36.2000 -120.3200    0.0000    0.0000       0       0      15      15    0.0000    0.0468   1
A29       36.3000 -120.4400    0.0000    0.0000       0       0      15      15    0.0000    0.1041   1
A30       36.4000 -120.5600    0.0000    0.0000       0       0      15      15    0.0000    0.0346   1
A31       36.0000 -119.8400    0.0000    0.0000       0       0      15      15    0.0000    0.0261   1
A32       36.1000 -119.9600    0.0000    0.0000       0       0      15      15    0.0000    0.0873   1
A33       36.2000 -120.0800    0.0000    0.0000       0       0      15      15    0.0000    0.0365   1
A34       36.3000 -120.2000    0.0000    0.0000       0       0      15      15    0.0000    0.0319   1
A35       36.4000 -120.3200    0.0000    0.0000       0       0      15      15    0.0000    0.0668   1
A36       36.5000 -120.4400    0.0000    0.0000       0       0      15      15    0.0000    0.0151   1
